// Jest Snapshot v1, https://goo.gl/fbAQLP

exports[`Section renders correctly 1`] = `
.c0 {
  min-height: 80vh;
  background-color: #FAFAFF;
  padding-left: 25px;
  padding-right: 25px;
}

<section
  className="c0"
/>
`;
