// Jest Snapshot v1, https://goo.gl/fbAQLP

exports[`Navigation renders correctly 1`] = `
<div
  className="sc-bdVaJa gQtVwq"
>
  Some text
</div>
`;
